# Lanczos recursion order:    2
# Temperature:   77.00
# Dynamical matrix file: H2O.g03.dym

--------------------------------------------------------------
 Path Indices:    1   2
 PDOS Poles:
     Freq. (THz)    Weight
       77.357       0.008269750
      113.771       0.991730250

 PDOS Einstein freq (single pole), associated temp and eff. force constant: 
 Freq (THz)   Temp (K)   Eff. FC (N/m)
 113.517      5447.79     800.9051

 pDOS n Moments, associated Einstein freqs, temps and eff. force constants:
  n     Mom (THz^n)   Freq (THz)     Temp (K)    Eff. FC (N/m)
 -2       0.00008     113.22733      5433.88     796.8185
 -1       0.00882     113.32936      5438.78     798.2553
  0       1.00000     ---------     --------
  1     113.46939     113.46939      5445.50     800.2291
  2   12886.17730     113.51730      5447.79     800.9050

 Path Red. Mass (AMU):    0.948087
 Path Length (Ang), s^2 (1e-3 Ang^2):  0.9697   4.7036
--------------------------------------------------------------
--------------------------------------------------------------
 Path Indices:    1   3
 PDOS Poles:
     Freq. (THz)    Weight
       77.347       0.008267681
      113.772       0.991732319

 PDOS Einstein freq (single pole), associated temp and eff. force constant: 
 Freq (THz)   Temp (K)   Eff. FC (N/m)
 113.519      5447.88     800.9315

 pDOS n Moments, associated Einstein freqs, temps and eff. force constants:
  n     Mom (THz^n)   Freq (THz)     Temp (K)    Eff. FC (N/m)
 -2       0.00008     113.22903      5433.96     796.8425
 -1       0.00882     113.33114      5438.86     798.2803
  0       1.00000     ---------     --------
  1     113.47124     113.47124      5445.58     800.2553
  2   12886.60223     113.51917      5447.88     800.9314

 Path Red. Mass (AMU):    0.948087
 Path Length (Ang), s^2 (1e-3 Ang^2):  0.9697   4.7036
--------------------------------------------------------------
--------------------------------------------------------------
 Path Indices:    2   1   3
 PDOS Poles:
     Freq. (THz)    Weight
       46.250       0.071495774
      111.915       0.928504226

 PDOS Einstein freq (single pole), associated temp and eff. force constant: 
 Freq (THz)   Temp (K)   Eff. FC (N/m)
 108.546      5209.24     428.4685

 pDOS n Moments, associated Einstein freqs, temps and eff. force constants:
  n     Mom (THz^n)   Freq (THz)     Temp (K)    Eff. FC (N/m)
 -2       0.00011      96.42289      4627.42     338.1020
 -1       0.00984     101.60114      4875.93     375.3916
  0       1.00000     ---------     --------
  1     107.21985     107.21985      5145.57     418.0592
  2   11782.33675     108.54647      5209.24     428.4685

 Path Red. Mass (AMU):    0.554726
 Path Length (Ang), s^2 (1e-3 Ang^2):  1.9394   8.9670
--------------------------------------------------------------
--------------------------------------------------------------
 Path Indices:    1   2   3
 PDOS Poles:
     Freq. (THz)    Weight
       46.250       0.071495774
      111.915       0.928504226

 PDOS Einstein freq (single pole), associated temp and eff. force constant: 
 Freq (THz)   Temp (K)   Eff. FC (N/m)
 108.546      5209.24     428.4685

 pDOS n Moments, associated Einstein freqs, temps and eff. force constants:
  n     Mom (THz^n)   Freq (THz)     Temp (K)    Eff. FC (N/m)
 -2       0.00011      96.42289      4627.42     338.1020
 -1       0.00984     101.60114      4875.93     375.3916
  0       1.00000     ---------     --------
  1     107.21985     107.21985      5145.57     418.0592
  2   11782.33675     108.54647      5209.24     428.4685

 Path Red. Mass (AMU):    0.554726
 Path Length (Ang), s^2 (1e-3 Ang^2):  2.5086   8.9670
--------------------------------------------------------------
