# Lanczos recursion order:    4
# Temperature:   77.00
# Dynamical matrix file: water-nc.qe.dym

--------------------------------------------------------------
 Path Indices:    1   2
 PDOS Poles:
     Freq. (THz)    Weight
        3.159       0.000000061
       46.416       0.002399632
      110.497       0.489728693
      113.865       0.507871615

 PDOS Einstein freq (single pole), associated temp and eff. force constant: 
 Freq (THz)   Temp (K)   Eff. FC (N/m)
 112.113      5380.40     781.3513

 pDOS n Moments, associated Einstein freqs, temps and eff. force constants:
  n     Mom (THz^n)   Freq (THz)     Temp (K)    Eff. FC (N/m)
 -2       0.00008     111.52399      5352.13     773.1640
 -1       0.00894     111.80628      5365.68     777.0831
  0       1.00000     ---------     --------
  1     112.05406     112.05406      5377.57     780.5312
  2   12569.30450     112.11291      5380.40     781.3512

 Path Red. Mass (AMU):    0.948258
 Path Length (Ang), s^2 (1e-3 Ang^2):  0.9697   4.7669
--------------------------------------------------------------
--------------------------------------------------------------
 Path Indices:    1   3
 PDOS Poles:
     Freq. (THz)    Weight
        3.159       0.000000061
       46.416       0.002399632
      110.497       0.489728693
      113.865       0.507871615

 PDOS Einstein freq (single pole), associated temp and eff. force constant: 
 Freq (THz)   Temp (K)   Eff. FC (N/m)
 112.113      5380.40     781.3513

 pDOS n Moments, associated Einstein freqs, temps and eff. force constants:
  n     Mom (THz^n)   Freq (THz)     Temp (K)    Eff. FC (N/m)
 -2       0.00008     111.52399      5352.13     773.1640
 -1       0.00894     111.80628      5365.68     777.0831
  0       1.00000     ---------     --------
  1     112.05406     112.05406      5377.57     780.5312
  2   12569.30450     112.11291      5380.40     781.3512

 Path Red. Mass (AMU):    0.948258
 Path Length (Ang), s^2 (1e-3 Ang^2):  0.9697   4.7669
--------------------------------------------------------------
--------------------------------------------------------------
 Path Indices:    2   1   3
 PDOS Poles:
     Freq. (THz)    Weight
        9.705       0.000000010
       46.410       0.069950394
      110.400       0.000105466
      110.499       0.929943733

 PDOS Einstein freq (single pole), associated temp and eff. force constant: 
 Freq (THz)   Temp (K)   Eff. FC (N/m)
 107.269      5147.94     418.5173

 pDOS n Moments, associated Einstein freqs, temps and eff. force constants:
  n     Mom (THz^n)   Freq (THz)     Temp (K)    Eff. FC (N/m)
 -2       0.00011      95.93794      4604.15     334.7682
 -1       0.00992     100.76561      4835.83     369.3075
  0       1.00000     ---------     --------
  1     106.01625     106.01625      5087.81     408.7976
  2   11506.67386     107.26917      5147.94     418.5171

 Path Red. Mass (AMU):    0.554823
 Path Length (Ang), s^2 (1e-3 Ang^2):  1.9394   9.0398
--------------------------------------------------------------
--------------------------------------------------------------
 Path Indices:    1   2   3
 PDOS Poles:
     Freq. (THz)    Weight
        9.705       0.000000010
       46.410       0.069950394
      110.400       0.000105466
      110.499       0.929943733

 PDOS Einstein freq (single pole), associated temp and eff. force constant: 
 Freq (THz)   Temp (K)   Eff. FC (N/m)
 107.269      5147.94     418.5173

 pDOS n Moments, associated Einstein freqs, temps and eff. force constants:
  n     Mom (THz^n)   Freq (THz)     Temp (K)    Eff. FC (N/m)
 -2       0.00011      95.93794      4604.15     334.7682
 -1       0.00992     100.76561      4835.83     369.3075
  0       1.00000     ---------     --------
  1     106.01625     106.01625      5087.81     408.7976
  2   11506.67386     107.26917      5147.94     418.5171

 Path Red. Mass (AMU):    0.554823
 Path Length (Ang), s^2 (1e-3 Ang^2):  2.5086   9.0398
--------------------------------------------------------------
